## Note , this result is based on Mac Min M4 16GB RAM, 10-core CPU
[Info] 開始執行 tgz, lz4a, tlz4 基準測試 / Starting benchmark for tgz, lzfse, tlz4...


[Info] 測試 getar 壓縮 / Testing getar compression:
140M	sample_wix
 25M	sample_wix.tgz
==> Process getar sample_wix took: 2419937134 奈秒/nanoseconds

[Info] 測試 lzfseX  壓縮 / Testing lzfseX compression:
140M	sample_wix
 21M	sample_wix.lzfse
==> Process lzfseX sample_wix took: 0753859997 奈秒/nanoseconds

[Info] 測試 tlz4  壓縮 / Testing tlz4 compression:
140M	sample_wix
 38M	sample_wix.tar.lz4
==> Process tlz4 sample_wix took: 0232564926 奈秒/nanoseconds

==================================================
[Info] 開始評測解壓縮速度 / Benchmarking decompression score:
==================================================

[Info] 測試 tgz 解壓 / Testing tgz extraction:
nanoTimeElapsed extract sample_wix.tgz
==> Process extract sample_wix.tgz took: 0380614996 奈秒/nanoseconds

[Info] 測試 lzfse 解壓 / Testing lzfse extraction:
nanoTimeElapsed extract sample_wix.lzfse
lzfse -decode -i sample_wix.lzfse -so | tar -xf - 
==> Process extract sample_wix.lzfse took: 0405045033 奈秒/nanoseconds

[Info] 測試 tlz4 解壓 / Testing tlz4 extraction:
nanoTimeElapsed extract sample_wix.tar.lz4
==> Process extract sample_wix.tar.lz4 took: 0343693018 奈秒/nanoseconds

[Success] tgz,lzfse 解壓後的內容完全一致！ / Decompressed contents are identical!

[Success] tgz,tlz4 解壓後的內容完全一致！ / Decompressed contents are identical!

[Info] 基準測試完成！ / Benchmark finished!